// Jest Snapshot v1, https://goo.gl/fbAQLP

exports[`should render login page correctly 1`] = `
<div
  className="login-page"
>
  <div
    className="login-page__box"
  >
    <h2
      className="login-page__title"
    >
      Pup Skills
    </h2>
    <button
      className="login-page__button"
    >
      Login with Google
    </button>
  </div>
</div>
`;
